2025-08-23 22:54:46 INFO  PV (depth   1 +  
2025-08-23 22:54:46 INFO  f8f7 	
2025-08-23 22:54:46 INFO  PV (depth   2 +  
2025-08-23 22:54:46 INFO  f8f7 	
2025-08-23 22:54:46 INFO  b7a8q 	
2025-08-23 22:54:46 INFO  PV (depth   3 +  
2025-08-23 22:54:46 INFO  f8f7 	
2025-08-23 22:54:46 INFO  b7a8q 	
2025-08-23 22:54:46 INFO  d8a8 	
2025-08-23 22:54:46 INFO  PV (depth   4 +  
2025-08-23 22:54:46 INFO  g8h8 	
2025-08-23 22:54:46 INFO  b7a8q 	
2025-08-23 22:54:46 INFO  d8a8 	
2025-08-23 22:54:46 INFO  a6b5 	
2025-08-23 22:54:46 INFO  PV (depth   5 +  
2025-08-23 22:54:46 INFO  c5c4 	
2025-08-23 22:54:46 INFO  a6b5 	
2025-08-23 22:54:46 INFO  c4b3 	
2025-08-23 22:54:46 INFO  b7a8r 	
2025-08-23 22:54:46 INFO  d8a8 	
2025-08-23 22:54:48 INFO  PV (depth   6 +  
2025-08-23 22:54:48 INFO  g8h8 	
2025-08-23 22:54:48 INFO  a6b5 	
2025-08-23 22:54:48 INFO  a8b8 	
2025-08-23 22:54:48 INFO  b5c5 	
2025-08-23 22:54:48 INFO  h3f2 	
2025-08-23 22:54:48 INFO  c5f8 	
2025-08-23 22:54:50 INFO  PV (depth   7 +  
2025-08-23 22:54:50 INFO  c5c4 	
2025-08-23 22:54:50 INFO  b3c4 	
2025-08-23 22:54:50 INFO  b5c4 	
2025-08-23 22:54:50 INFO  a6c4 	
2025-08-23 22:54:50 INFO  d7d5 	
2025-08-23 22:54:50 INFO  b7a8q 	
2025-08-23 22:54:50 INFO  d5c4 	
2025-08-23 22:55:17 INFO  PV (depth   8 +  
2025-08-23 22:55:17 INFO  c5c4 	
2025-08-23 22:55:17 INFO  a6b5 	
2025-08-23 22:55:17 INFO  c4b3 	
2025-08-23 22:55:17 INFO  b7a8q 	
2025-08-23 22:55:17 INFO  d8a8 	
2025-08-23 22:55:17 INFO  b5a5 	
2025-08-23 22:55:17 INFO  a8e4 	
2025-08-23 22:55:17 INFO  e1f1 	
2025-08-23 22:55:17 INFO  Best Move c5c4
2025-08-23 22:55:17 INFO  Node count 17069037
2025-08-23 23:10:05 INFO  r2q1rk1/pP1p2pp/Q4n2/bbp1p3/Np6/1B3NBn/pPPP1PPP/R3K2R b KQ - 0 1
2025-08-23 23:10:05 INFO  PV (depth   1 +  
2025-08-23 23:10:05 INFO  f8f7 	
2025-08-23 23:10:05 INFO  PV (depth   2 +  
2025-08-23 23:10:05 INFO  f8f7 	
2025-08-23 23:10:05 INFO  b7a8q 	
2025-08-23 23:10:05 INFO  PV (depth   3 +  
2025-08-23 23:10:05 INFO  f8f7 	
2025-08-23 23:10:05 INFO  b7a8q 	
2025-08-23 23:10:05 INFO  d8a8 	
2025-08-23 23:10:05 INFO  PV (depth   4 +  
2025-08-23 23:10:05 INFO  g8h8 	
2025-08-23 23:10:05 INFO  b7a8q 	
2025-08-23 23:10:05 INFO  d8a8 	
2025-08-23 23:10:05 INFO  a6b5 	
2025-08-23 23:10:05 INFO  PV (depth   5 +  
2025-08-23 23:10:05 INFO  c5c4 	
2025-08-23 23:10:05 INFO  a6b5 	
2025-08-23 23:10:05 INFO  c4b3 	
2025-08-23 23:10:05 INFO  b7a8r 	
2025-08-23 23:10:05 INFO  d8a8 	
2025-08-23 23:10:06 INFO  PV (depth   6 +  
2025-08-23 23:10:06 INFO  g8h8 	
2025-08-23 23:10:06 INFO  a6b5 	
2025-08-23 23:10:06 INFO  a8b8 	
2025-08-23 23:10:06 INFO  b5c5 	
2025-08-23 23:10:06 INFO  h3f2 	
2025-08-23 23:10:06 INFO  c5f8 	
2025-08-23 23:10:09 INFO  PV (depth   7 +  
2025-08-23 23:10:09 INFO  c5c4 	
2025-08-23 23:10:09 INFO  b3c4 	
2025-08-23 23:10:09 INFO  b5c4 	
2025-08-23 23:10:09 INFO  a6c4 	
2025-08-23 23:10:09 INFO  d7d5 	
2025-08-23 23:10:09 INFO  b7a8q 	
2025-08-23 23:10:09 INFO  d5c4 	
2025-08-23 23:10:33 INFO  PV (depth   8 +  
2025-08-23 23:10:33 INFO  c5c4 	
2025-08-23 23:10:33 INFO  a6b5 	
2025-08-23 23:10:33 INFO  c4b3 	
2025-08-23 23:10:33 INFO  b7a8q 	
2025-08-23 23:10:33 INFO  d8a8 	
2025-08-23 23:10:33 INFO  b5a5 	
2025-08-23 23:10:33 INFO  a8e4 	
2025-08-23 23:10:33 INFO  e1f1 	
2025-08-23 23:10:33 INFO  Best Move c5c4
2025-08-23 23:10:33 INFO  Node count 17069037
2025-08-23 23:15:02 INFO  8/k2r4/p7/2b1Bp2/P3p3/qp4R1/4QP2/1K6 b - - 0 1
2025-08-23 23:15:02 INFO  PV (depth   1 +  
2025-08-23 23:15:02 INFO  c5f2 	
2025-08-23 23:15:02 INFO  PV (depth   2 +  
2025-08-23 23:15:02 INFO  a3a4 	
2025-08-23 23:15:02 INFO  e2e4 	
2025-08-23 23:15:02 INFO  PV (depth   3 +  
2025-08-23 23:15:02 INFO  a3a4 	
2025-08-23 23:15:02 INFO  f2f4 	
2025-08-23 23:15:02 INFO  e4f3 	
2025-08-23 23:15:02 INFO  PV (depth   4 +  
2025-08-23 23:15:02 INFO  a3a2 	
2025-08-23 23:15:02 INFO  e2a2 	
2025-08-23 23:15:02 INFO  b3a2 	
2025-08-23 23:15:02 INFO  b1a2 	
2025-08-23 23:15:03 INFO  PV (depth   5 +  
2025-08-23 23:15:03 INFO  d7h7 	
2025-08-23 23:15:03 INFO  g3g7 	
2025-08-23 23:15:03 INFO  h7g7 	
2025-08-23 23:15:03 INFO  e5g7 	
2025-08-23 23:15:03 INFO  c5f2 	
2025-08-23 23:15:05 INFO  PV (depth   6 +  
2025-08-23 23:15:05 INFO  a3a2 	
2025-08-23 23:15:05 INFO  e2a2 	
2025-08-23 23:15:05 INFO  b3a2 	
2025-08-23 23:15:05 INFO  b1a1 	
2025-08-23 23:15:05 INFO  d7d2 	
2025-08-23 23:15:05 INFO  e5d4 	
2025-08-23 23:15:16 INFO  PV (depth   7 +  
2025-08-23 23:15:16 INFO  a3a4 	
2025-08-23 23:15:16 INFO  f2f3 	
2025-08-23 23:15:16 INFO  a7b7 	
2025-08-23 23:15:16 INFO  b1c1 	
2025-08-23 23:15:16 INFO  a4a3 	
2025-08-23 23:15:16 INFO  c1b1 	
2025-08-23 23:15:16 INFO  e4f3 	
2025-08-23 23:16:24 INFO  PV (depth   8 +  
2025-08-23 23:16:24 INFO  a3a4 	
2025-08-23 23:16:24 INFO  b1c1 	
2025-08-23 23:16:24 INFO  a4a3 	
2025-08-23 23:16:24 INFO  c1b1 	
2025-08-23 23:16:24 INFO  a3a2 	
2025-08-23 23:16:24 INFO  e2a2 	
2025-08-23 23:16:24 INFO  b3a2 	
2025-08-23 23:16:24 INFO  b1a2 	
2025-08-23 23:16:24 INFO  Best Move a3a4
2025-08-23 23:16:24 INFO  Node count 87187248
2025-08-23 23:25:19 INFO  1k6/4qp2/QP4r1/p3P3/2B1bP2/P7/K2R4/8 w - - 0 1
2025-08-23 23:25:19 INFO  PV (depth   1 +  
2025-08-23 23:25:19 INFO  c4f7 	
2025-08-23 23:25:19 INFO  PV (depth   2 +  
2025-08-23 23:25:19 INFO  a6a5 	
2025-08-23 23:25:19 INFO  e7e5 	
2025-08-23 23:25:19 INFO  PV (depth   3 +  
2025-08-23 23:25:19 INFO  a6a5 	
2025-08-23 23:25:19 INFO  e4f3 	
2025-08-23 23:25:19 INFO  c4f7 	
2025-08-23 23:25:19 INFO  PV (depth   4 +  
2025-08-23 23:25:19 INFO  a6a5 	
2025-08-23 23:25:19 INFO  g6c6 	
2025-08-23 23:25:19 INFO  c4b3 	
2025-08-23 23:25:19 INFO  e7e5 	
2025-08-23 23:25:20 INFO  PV (depth   5 +  
2025-08-23 23:25:20 INFO  a6a5 	
2025-08-23 23:25:20 INFO  f7f6 	
2025-08-23 23:25:20 INFO  d2d4 	
2025-08-23 23:25:20 INFO  e4f3 	
2025-08-23 23:25:20 INFO  e5f6 	
2025-08-23 23:25:22 INFO  PV (depth   6 +  
2025-08-23 23:25:22 INFO  a6a5 	
2025-08-23 23:25:22 INFO  g6c6 	
2025-08-23 23:25:22 INFO  a5a7 	
2025-08-23 23:25:22 INFO  e7a7 	
2025-08-23 23:25:22 INFO  b6a7 	
2025-08-23 23:25:22 INFO  b8a7 	
2025-08-23 23:25:42 INFO  PV (depth   7 +  
2025-08-23 23:25:42 INFO  a6a5 	
2025-08-23 23:25:42 INFO  f7f5 	
2025-08-23 23:25:42 INFO  d2f2 	
2025-08-23 23:25:42 INFO  e7d8 	
2025-08-23 23:25:42 INFO  c4d5 	
2025-08-23 23:25:42 INFO  e4d5 	
2025-08-23 23:25:42 INFO  a5d5 	
2025-08-23 23:27:18 INFO  PV (depth   8 +  
2025-08-23 23:27:18 INFO  a6a5 	
2025-08-23 23:27:18 INFO  g6g4 	
2025-08-23 23:27:18 INFO  d2e2 	
2025-08-23 23:27:18 INFO  g4g7 	
2025-08-23 23:27:18 INFO  a5a7 	
2025-08-23 23:27:18 INFO  e7a7 	
2025-08-23 23:27:18 INFO  b6a7 	
2025-08-23 23:27:18 INFO  b8a7 	
2025-08-23 23:27:18 INFO  Best Move a6a5
2025-08-23 23:27:18 INFO  Node count 94979322
2025-09-21 16:20:45 INFO  r3k2r/p1ppqpb1/bn2pnp1/3PN3/1p2P3/2N2Q1p/PPPBBPPP/R3K2R w KQkq - 
2025-09-21 16:27:23 INFO  r3k2r/p1ppqpb1/bn2pnp1/3PN3/1p2P3/2N2Q1p/PPPBBPPP/R3K2R w KQkq - 0 1
2025-09-21 16:27:23 INFO  PV (depth   1 +  
2025-09-21 16:27:23 INFO  e2a6 	
2025-09-21 16:27:23 INFO  PV (depth   2 +  
2025-09-21 16:27:23 INFO  e2a6 	
2025-09-21 16:27:23 INFO  b4c3 	
2025-09-21 16:27:23 INFO  PV (depth   3 +  
2025-09-21 16:27:23 INFO  e2a6 	
2025-09-21 16:27:23 INFO  b4c3 	
2025-09-21 16:27:23 INFO  f3f6 	
2025-09-21 16:27:24 INFO  PV (depth   4 +  
2025-09-21 16:27:24 INFO  e2a6 	
2025-09-21 16:27:24 INFO  h3g2 	
2025-09-21 16:27:24 INFO  f3g2 	
2025-09-21 16:27:24 INFO  b4c3 	
2025-09-21 16:27:24 INFO  Best Move e2a6
2025-09-21 16:27:24 INFO  Node count 128989
2025-09-21 16:29:06 INFO  r3k2r/p1ppqpb1/bn2pnp1/3PN3/1p2P3/2N2Q1p/PPPBBPPP/R3K2R w KQkq - 0 1
2025-09-21 16:29:06 INFO  PV (depth   1 +  
2025-09-21 16:29:06 INFO  e2a6 	
2025-09-21 16:29:06 INFO  PV (depth   2 +  
2025-09-21 16:29:06 INFO  e2a6 	
2025-09-21 16:29:06 INFO  b4c3 	
2025-09-21 16:29:06 INFO  PV (depth   3 +  
2025-09-21 16:29:06 INFO  e2a6 	
2025-09-21 16:29:06 INFO  b4c3 	
2025-09-21 16:29:06 INFO  f3f6 	
2025-09-21 16:29:06 INFO  PV (depth   4 +  
2025-09-21 16:29:06 INFO  e2a6 	
2025-09-21 16:29:06 INFO  h3g2 	
2025-09-21 16:29:06 INFO  f3g2 	
2025-09-21 16:29:06 INFO  b4c3 	
2025-09-21 16:29:06 INFO  Best Move e2a6
2025-09-21 16:29:06 INFO  Node count 128989 in 427
2025-09-21 16:30:05 INFO  r3k2r/p1ppqpb1/bn2pnp1/3PN3/1p2P3/2N2Q1p/PPPBBPPP/R3K2R w KQkq - 0 1
2025-09-21 16:30:05 INFO  PV (depth   1 +  
2025-09-21 16:30:05 INFO  e2a6 	
2025-09-21 16:30:05 INFO  PV (depth   2 +  
2025-09-21 16:30:05 INFO  e2a6 	
2025-09-21 16:30:05 INFO  b4c3 	
2025-09-21 16:30:05 INFO  PV (depth   3 +  
2025-09-21 16:30:05 INFO  e2a6 	
2025-09-21 16:30:05 INFO  b4c3 	
2025-09-21 16:30:05 INFO  f3f6 	
2025-09-21 16:30:06 INFO  PV (depth   4 +  
2025-09-21 16:30:06 INFO  e2a6 	
2025-09-21 16:30:06 INFO  h3g2 	
2025-09-21 16:30:06 INFO  f3g2 	
2025-09-21 16:30:06 INFO  b4c3 	
2025-09-21 16:30:06 INFO  PV (depth   5 +  
2025-09-21 16:30:06 INFO  e2a6 	
2025-09-21 16:30:06 INFO  h3g2 	
2025-09-21 16:30:06 INFO  h1g1 	
2025-09-21 16:30:06 INFO  b4c3 	
2025-09-21 16:30:06 INFO  f3f6 	
2025-09-21 16:30:11 INFO  PV (depth   6 +  
2025-09-21 16:30:11 INFO  e2a6 	
2025-09-21 16:30:11 INFO  b4c3 	
2025-09-21 16:30:11 INFO  b2c3 	
2025-09-21 16:30:11 INFO  e6d5 	
2025-09-21 16:30:11 INFO  e5d3 	
2025-09-21 16:30:11 INFO  h3g2 	
2025-09-21 16:30:11 INFO  Best Move e2a6
2025-09-21 16:30:11 INFO  Node count 5092151 in 5699
2025-09-21 17:51:02 INFO  r3k2r/p1ppqpb1/bn2pnp1/3PN3/1p2P3/2N2Q1p/PPPBBPPP/R3K2R w KQkq - 0 1
2025-09-21 17:51:02 INFO  PV (depth   1 +  
2025-09-21 17:51:02 INFO  e2a6 	
2025-09-21 17:51:02 INFO  PV (depth   2 +  
2025-09-21 17:51:02 INFO  e2a6 	
2025-09-21 17:51:02 INFO  b4c3 	
2025-09-21 17:51:02 INFO  PV (depth   3 +  
2025-09-21 17:51:02 INFO  e2a6 	
2025-09-21 17:51:02 INFO  b4c3 	
2025-09-21 17:51:02 INFO  f3f6 	
2025-09-21 17:51:02 INFO  PV (depth   4 +  
2025-09-21 17:51:02 INFO  e2a6 	
2025-09-21 17:51:02 INFO  h3g2 	
2025-09-21 17:51:02 INFO  f3g2 	
2025-09-21 17:51:02 INFO  b4c3 	
2025-09-21 17:51:03 INFO  PV (depth   5 +  
2025-09-21 17:51:03 INFO  e2a6 	
2025-09-21 17:51:03 INFO  h3g2 	
2025-09-21 17:51:03 INFO  h1g1 	
2025-09-21 17:51:03 INFO  b4c3 	
2025-09-21 17:51:03 INFO  f3f6 	
2025-09-21 17:51:03 INFO  PV (depth   6 +  
2025-09-21 17:51:03 INFO  e2a6 	
2025-09-21 17:51:03 INFO  b4c3 	
2025-09-21 17:51:03 INFO  b2c3 	
2025-09-21 17:51:03 INFO  e6d5 	
2025-09-21 17:51:03 INFO  e5d3 	
2025-09-21 17:51:03 INFO  h3g2 	
2025-09-21 17:51:03 INFO  Best Move e2a6
2025-09-21 17:51:03 INFO  Node count 436446 in 1336
2025-09-21 17:51:42 INFO  r3k2r/p1ppqpb1/bn2pnp1/3PN3/1p2P3/2N2Q1p/PPPBBPPP/R3K2R w KQkq - 0 1
2025-09-21 17:51:42 INFO  PV (depth   1 +  
2025-09-21 17:51:42 INFO  e2a6 	
2025-09-21 17:51:42 INFO  PV (depth   2 +  
2025-09-21 17:51:42 INFO  e2a6 	
2025-09-21 17:51:42 INFO  b4c3 	
2025-09-21 17:51:42 INFO  PV (depth   3 +  
2025-09-21 17:51:42 INFO  e2a6 	
2025-09-21 17:51:42 INFO  b4c3 	
2025-09-21 17:51:42 INFO  f3f6 	
2025-09-21 17:51:42 INFO  PV (depth   4 +  
2025-09-21 17:51:42 INFO  e2a6 	
2025-09-21 17:51:42 INFO  h3g2 	
2025-09-21 17:51:42 INFO  f3g2 	
2025-09-21 17:51:42 INFO  b4c3 	
2025-09-21 17:51:42 INFO  Best Move e2a6
2025-09-21 17:51:42 INFO  Node count 15330 in 114
2025-09-21 17:52:47 INFO  8/k2r4/p7/2b1Bp2/P3p3/qp4R1/4QP2/1K6 b - - 0 1
2025-09-21 17:52:47 INFO  PV (depth   1 +  
2025-09-21 17:52:47 INFO  c5f2 	
2025-09-21 17:52:47 INFO  PV (depth   2 +  
2025-09-21 17:52:47 INFO  a3a4 	
2025-09-21 17:52:47 INFO  e2e4 	
2025-09-21 17:52:47 INFO  PV (depth   3 +  
2025-09-21 17:52:47 INFO  a3a4 	
2025-09-21 17:52:47 INFO  f2f4 	
2025-09-21 17:52:47 INFO  e4f3 	
2025-09-21 17:52:47 INFO  PV (depth   4 +  
2025-09-21 17:52:47 INFO  a3a2 	
2025-09-21 17:52:47 INFO  e2a2 	
2025-09-21 17:52:47 INFO  b3a2 	
2025-09-21 17:52:47 INFO  b1a2 	
2025-09-21 17:52:47 INFO  Best Move a3a2
2025-09-21 17:52:47 INFO  Node count 17671 in 110
2025-09-21 17:54:39 INFO  8/k2r4/p7/2b1Bp2/P3p3/qp4R1/4QP2/1K6 b - - 0 1
2025-09-21 17:54:39 INFO  PV (depth   1 +  
2025-09-21 17:54:39 INFO  c5f2 	
2025-09-21 17:54:39 INFO  PV (depth   2 +  
2025-09-21 17:54:39 INFO  a3a4 	
2025-09-21 17:54:39 INFO  e2e4 	
2025-09-21 17:54:39 INFO  PV (depth   3 +  
2025-09-21 17:54:39 INFO  a3a4 	
2025-09-21 17:54:39 INFO  f2f4 	
2025-09-21 17:54:39 INFO  e4f3 	
2025-09-21 17:54:39 INFO  PV (depth   4 +  
2025-09-21 17:54:39 INFO  a3a2 	
2025-09-21 17:54:39 INFO  e2a2 	
2025-09-21 17:54:39 INFO  b3a2 	
2025-09-21 17:54:39 INFO  b1a2 	
2025-09-21 17:54:39 INFO  PV (depth   5 +  
2025-09-21 17:54:39 INFO  a3a4 	
2025-09-21 17:54:39 INFO  f2f3 	
2025-09-21 17:54:39 INFO  a4a2 	
2025-09-21 17:54:39 INFO  e2a2 	
2025-09-21 17:54:39 INFO  b3a2 	
2025-09-21 17:54:39 INFO  PV (depth   6 +  
2025-09-21 17:54:39 INFO  a3a4 	
2025-09-21 17:54:39 INFO  e5f6 	
2025-09-21 17:54:39 INFO  a4a2 	
2025-09-21 17:54:39 INFO  b1c1 	
2025-09-21 17:54:39 INFO  c5a3 	
2025-09-21 17:54:39 INFO  e2b2 	
2025-09-21 17:54:42 INFO  PV (depth   7 +  
2025-09-21 17:54:42 INFO  a3a4 	
2025-09-21 17:54:42 INFO  f2f3 	
2025-09-21 17:54:42 INFO  a7b7 	
2025-09-21 17:54:42 INFO  b1c1 	
2025-09-21 17:54:42 INFO  a4a3 	
2025-09-21 17:54:42 INFO  c1b1 	
2025-09-21 17:54:42 INFO  e4f3 	
2025-09-21 17:54:53 INFO  PV (depth   8 +  
2025-09-21 17:54:53 INFO  a3a4 	
2025-09-21 17:54:53 INFO  b1c1 	
2025-09-21 17:54:53 INFO  a4a3 	
2025-09-21 17:54:53 INFO  c1b1 	
2025-09-21 17:54:53 INFO  a3a2 	
2025-09-21 17:54:53 INFO  e2a2 	
2025-09-21 17:54:53 INFO  b3a2 	
2025-09-21 17:54:53 INFO  b1a2 	
2025-09-21 17:56:13 INFO  PV (depth   9 +  
2025-09-21 17:56:13 INFO  d7d1 	
2025-09-21 17:56:13 INFO  e2d1 	
2025-09-21 17:56:13 INFO  a3a2 	
2025-09-21 17:56:13 INFO  b1c1 	
2025-09-21 17:56:13 INFO  c5a3 	
2025-09-21 17:56:13 INFO  e5b2 	
2025-09-21 17:56:13 INFO  a2a1 	
2025-09-21 17:56:13 INFO  c1d2 	
2025-09-21 17:56:13 INFO  a1d1 	
2025-09-21 17:56:13 INFO  Best Move d7d1
2025-09-21 17:56:13 INFO  Node count 101351702 in 94158
